C:\Users\Xiaomi\Downloads\B-R-AS-lab3-master\Logical\Global.typ
C:\Users\Xiaomi\Downloads\B-R-AS-lab3-master\Logical\Global.var
C:\Users\Xiaomi\Downloads\B-R-AS-lab3-master\Logical\Libraries\Runtime\runtime.fun
C:\Users\Xiaomi\Downloads\B-R-AS-lab3-master\Logical\Libraries\Runtime\runtime.typ
C:\Users\Xiaomi\Downloads\B-R-AS-lab3-master\Logical\Libraries\Runtime\runtime.var
C:\Users\Xiaomi\Downloads\B-R-AS-lab3-master\Logical\Libraries\Operator\operator.fun
C:\Users\Xiaomi\Downloads\B-R-AS-lab3-master\Logical\Libraries\Operator\operator.typ
C:\Users\Xiaomi\Downloads\B-R-AS-lab3-master\Logical\Libraries\Operator\operator.var
C:\Users\Xiaomi\Downloads\B-R-AS-lab3-master\Logical\Libraries\AsIecCon\AsIecCon.fun
C:\Users\Xiaomi\Downloads\B-R-AS-lab3-master\Logical\Libraries\AsIecCon\AsIecCon.typ
C:\Users\Xiaomi\Downloads\B-R-AS-lab3-master\Logical\Libraries\AsIecCon\AsIecCon.var
C:\Users\Xiaomi\Downloads\B-R-AS-lab3-master\Logical\Libraries\astime\astime.fun
C:\Users\Xiaomi\Downloads\B-R-AS-lab3-master\Logical\Libraries\astime\astime.typ
C:\Users\Xiaomi\Downloads\B-R-AS-lab3-master\Logical\Libraries\astime\astime.var
C:\Users\Xiaomi\Downloads\B-R-AS-lab3-master\Logical\Libraries\Acp10sdc\acp10sdc.var
C:\Users\Xiaomi\Downloads\B-R-AS-lab3-master\Logical\Libraries\Acp10sdc\acp10sdc.typ
C:\Users\Xiaomi\Downloads\B-R-AS-lab3-master\Logical\Libraries\Acp10man\Acp10man.typ
C:\Users\Xiaomi\Downloads\B-R-AS-lab3-master\Logical\Libraries\Acp10par\Acp10par.var
C:\Users\Xiaomi\Downloads\B-R-AS-lab3-master\Logical\Libraries\NcGlobal\NcGlobal.fun
C:\Users\Xiaomi\Downloads\B-R-AS-lab3-master\Logical\Libraries\NcGlobal\NcGlobal.typ
C:\Users\Xiaomi\Downloads\B-R-AS-lab3-master\Logical\Libraries\NcGlobal\NcGlobal.var
C:\Users\Xiaomi\Downloads\B-R-AS-lab3-master\Logical\Libraries\asstring\asstring.fun
C:\Users\Xiaomi\Downloads\B-R-AS-lab3-master\Logical\Libraries\asstring\asstring.typ
C:\Users\Xiaomi\Downloads\B-R-AS-lab3-master\Logical\Libraries\asstring\asstring.var
C:\Users\Xiaomi\Downloads\B-R-AS-lab3-master\Logical\Libraries\AsIOTime\AsIOTime.fun
C:\Users\Xiaomi\Downloads\B-R-AS-lab3-master\Logical\Libraries\AsIOTime\AsIOTime.typ
C:\Users\Xiaomi\Downloads\B-R-AS-lab3-master\Logical\Libraries\AsIOTime\AsIOTime.var
C:\Users\Xiaomi\Downloads\B-R-AS-lab3-master\Logical\Libraries\Acp10_MC\acp10_mc.fun
C:\Users\Xiaomi\Downloads\B-R-AS-lab3-master\Logical\Libraries\Acp10_MC\acp10_mc.typ
C:\Users\Xiaomi\Downloads\B-R-AS-lab3-master\Logical\Libraries\Acp10_MC\acp10_mc.var
C:\Users\Xiaomi\Downloads\B-R-AS-lab3-master\Logical\Libraries\brsystem\brsystem.fun
C:\Users\Xiaomi\Downloads\B-R-AS-lab3-master\Logical\Libraries\brsystem\brsystem.typ
C:\Users\Xiaomi\Downloads\B-R-AS-lab3-master\Logical\Libraries\brsystem\brsystem.var
C:\Users\Xiaomi\Downloads\B-R-AS-lab3-master\Logical\Libraries\sys_lib\sys_lib.fun
C:\Users\Xiaomi\Downloads\B-R-AS-lab3-master\Logical\Libraries\sys_lib\sys_lib.typ
C:\Users\Xiaomi\Downloads\B-R-AS-lab3-master\Logical\Libraries\sys_lib\sys_lib.var
C:\Users\Xiaomi\Downloads\B-R-AS-lab3-master\Logical\Libraries\Acp10sim\acp10sim.var
C:\Users\Xiaomi\Downloads\B-R-AS-lab3-master\Logical\Libraries\Acp10sim\acp10sim.typ
C:\Users\Xiaomi\Downloads\B-R-AS-lab3-master\Logical\Libraries\Library\Library.fun
C:\Users\Xiaomi\Downloads\B-R-AS-lab3-master\Logical\Libraries\AsMath\AsMath.fun
C:\Users\Xiaomi\Downloads\B-R-AS-lab3-master\Logical\Libraries\AsMath\AsMath.typ
C:\Users\Xiaomi\Downloads\B-R-AS-lab3-master\Logical\Libraries\AsMath\AsMath.var
C:\Users\Xiaomi\Downloads\B-R-AS-lab3-master\Logical\Libraries\Arnc0man\arnc0man.typ
C:\Users\Xiaomi\Downloads\B-R-AS-lab3-master\Logical\Libraries\DataObj\DataObj.fun
C:\Users\Xiaomi\Downloads\B-R-AS-lab3-master\Logical\Libraries\DataObj\DataObj.typ
C:\Users\Xiaomi\Downloads\B-R-AS-lab3-master\Logical\Libraries\DataObj\DataObj.var
C:\Users\Xiaomi\Downloads\B-R-AS-lab3-master\Logical\Libraries\AsArLog\AsArLog.fun
C:\Users\Xiaomi\Downloads\B-R-AS-lab3-master\Logical\Libraries\AsArLog\AsArLog.typ
C:\Users\Xiaomi\Downloads\B-R-AS-lab3-master\Logical\Libraries\AsArLog\AsArLog.var
C:\Users\Xiaomi\Downloads\B-R-AS-lab3-master\Logical\Libraries\FileIO\FileIO.fun
C:\Users\Xiaomi\Downloads\B-R-AS-lab3-master\Logical\Libraries\FileIO\FileIO.typ
C:\Users\Xiaomi\Downloads\B-R-AS-lab3-master\Logical\Libraries\FileIO\FileIO.var
C:\Users\Xiaomi\Downloads\B-R-AS-lab3-master\Logical\Libraries\AsArProf\AsArProf.fun
C:\Users\Xiaomi\Downloads\B-R-AS-lab3-master\Logical\Libraries\AsArProf\AsArProf.typ
C:\Users\Xiaomi\Downloads\B-R-AS-lab3-master\Logical\Libraries\AsArProf\AsArProf.var
C:\Users\Xiaomi\Downloads\B-R-AS-lab3-master\Logical\Libraries\AsMem\AsMem.fun
C:\Users\Xiaomi\Downloads\B-R-AS-lab3-master\Logical\Libraries\AsMem\AsMem.typ
C:\Users\Xiaomi\Downloads\B-R-AS-lab3-master\Logical\Libraries\AsMem\AsMem.var
C:\Users\Xiaomi\Downloads\B-R-AS-lab3-master\Logical\Types.typ
